[2026-02-25T07:18:12.875Z] {"type":"low-composite","kategori":"BARANG","question":"hallo","topCandidates":[{"q":"Apa arti dari kolom Selisih di Laporan Timbang Baki?","composite":0.3189226530434782},{"q":"Bagaimana cara upload gambar barang?","composite":0.31522974623529415},{"q":"Barang saya ada yang hilang, bagaimana solusinya?","composite":0.30681084}]}
[2026-02-25T07:18:20.032Z] {"type":"low-composite","kategori":"BARANG","question":"ada tukar","topCandidates":[{"q":"Apakah ada fitur ekspor pada Data Tambah Barang?","composite":0.4254384915942029},{"q":"Apakah ketika menghancur barang ada otorisasi?","composite":0.41820599331677016},{"q":"Ada berapa cara menambahkan data barang?","composite":0.08714285714285715}]}
[2026-02-25T07:19:32.648Z] {"type":"low-composite","kategori":"BARANG","question":"ada tukar","topCandidates":[{"q":"Apakah ada fitur ekspor pada Data Tambah Barang?","composite":0.4254384915942029},{"q":"Apakah ketika menghancur barang ada otorisasi?","composite":0.41820599331677016},{"q":"Ada berapa cara menambahkan data barang?","composite":0.08714285714285715}]}
[2026-02-25T07:28:11.373Z] {"type":"low-composite","kategori":"BARANG","question":"hallo","topCandidates":[{"q":"Apa arti dari kolom Selisih di Laporan Timbang Baki?","composite":0.3189226530434782},{"q":"Bagaimana cara upload gambar barang?","composite":0.31522974623529415},{"q":"Barang saya ada yang hilang, bagaimana solusinya?","composite":0.30681084}]}
[2026-02-25T08:10:56.678Z] {"type":"fuzzy-nearmiss","kategori":"PENJUALAN","question":"bisa tukar tambah gak?","bestRating":0.4444444444444444,"candidateQuestion":"Apakah foto barang dapat diambil atau ditambahkan saat proses penjualan?"}
[2026-02-25T08:53:56.134Z] {"type":"low-composite","kategori":"HARDWARE","question":"hallo","topCandidates":[{"q":"Kamera error tidak bisa foto barang","composite":0.269864544}]}
[2026-02-25T08:54:28.150Z] {"type":"low-composite","kategori":"HARDWARE","question":"hallo","topCandidates":[{"q":"Kamera error tidak bisa foto barang","composite":0.269864544}]}
[2026-02-25T10:18:46.354Z] {"type":"low-composite","kategori":"HARDWARE","question":"halo","topCandidates":[{"q":"Kamera error tidak bisa foto barang","composite":0.239338872}]}
[2026-02-26T02:16:17.049Z] {"type":"fuzzy-nearmiss","kategori":"PEMBELIAN","question":"kalau reprint penjualan?","bestRating":0.375,"candidateQuestion":"Bagaimana cara mencetak ulang nota pembelian?"}
[2026-02-26T02:16:17.405Z] {"type":"semantic-empty","kategori":"PEMBELIAN","question":"kalau reprint penjualan?"}
[2026-02-26T02:25:29.504Z] {"type":"fuzzy-nearmiss","kategori":"KEUANGAN","question":"uang saya ada selisih","bestRating":0.3888888888888889,"candidateQuestion":"Apa fungsi Menu Uang Kas?"}
[2026-02-26T02:25:30.091Z] {"type":"semantic-empty","kategori":"KEUANGAN","question":"uang saya ada selisih"}
[2026-02-26T02:28:19.306Z] {"type":"fuzzy-nearmiss","kategori":"PEMBELIAN","question":"otorisasi, bukan validasi","bestRating":0.44,"candidateQuestion":"Bagaimana cara melakukan Validasi Pembelian?"}
[2026-02-26T02:28:19.517Z] {"type":"semantic-empty","kategori":"PEMBELIAN","question":"otorisasi, bukan validasi"}
[2026-02-27T02:41:10.721Z] {"type":"fuzzy-nearmiss","kategori":"VALIDASI","question":"gimana cara hubungi helpdesk","bestRating":0.3333333333333333,"candidateQuestion":"Bagaimana cara memvalidasi Jual Beli?"}
[2026-02-27T02:41:48.224Z] {"type":"fuzzy-nearmiss","kategori":"LAYANAN SUPPORT","question":"bukanya jam berapa?","bestRating":0.32653061224489793,"candidateQuestion":"Kapan jam operasional Helpdesk tersedia?"}
[2026-03-04T08:51:57.588Z] {"type":"fuzzy-nearmiss","kategori":"BARANG","question":"hallo","bestRating":0.40816326530612246,"candidateQuestion":"barang test"}
[2026-03-04T08:51:58.114Z] {"type":"low-composite","kategori":"BARANG","question":"hallo","topCandidates":[{"q":"Bagaimana cara upload gambar barang?","composite":0.359749257009901},{"q":"Barang saya ada yang hilang, bagaimana solusinya?","composite":0.3524404696296296},{"q":"Apa arti dari kolom Selisih di Laporan Timbang Baki?","composite":0.3472306677108433}]}
[2026-03-04T09:40:00.824Z] {"type":"fuzzy-nearmiss","kategori":"BARANG","question":"hallo","bestRating":0.40816326530612246,"candidateQuestion":"barang test"}
[2026-03-04T09:40:01.647Z] {"type":"low-composite","kategori":"BARANG","question":"hallo","topCandidates":[{"q":"Bagaimana cara upload gambar barang?","composite":0.359749257009901},{"q":"Barang saya ada yang hilang, bagaimana solusinya?","composite":0.3524404696296296},{"q":"Apa arti dari kolom Selisih di Laporan Timbang Baki?","composite":0.3472306677108433}]}
[2026-03-04T10:45:12.058Z] {"type":"low-composite","kategori":"EXPORT CSV","question":"a","topCandidates":[{"q":"Bagaimana langkah-langkah untuk melakukan Export CSV?","composite":0.35479878260869563},{"q":"Apa fungsi dari menu Export CSV pada system?","composite":0.34770121699300705}]}
[2026-03-04T10:49:10.333Z] {"type":"low-composite","kategori":"PENGATURAN","question":"hallo","topCandidates":[{"q":"Apa fungsi dari menu Setting Nota?","composite":0.33307005739130435},{"q":"Bagaimana langkah-langkah untuk mengatur Setting Nota Slip?","composite":0.32809419964705877},{"q":"Apa fungsi dari menu Setting Nota Slip?","composite":0.32680712476335877}]}
[2026-03-04T10:51:02.363Z] {"type":"low-composite","kategori":"PENGATURAN","question":"hallo","topCandidates":[{"q":"Apa fungsi dari menu Setting Nota?","composite":0.33307005739130435},{"q":"Bagaimana langkah-langkah untuk mengatur Setting Nota Slip?","composite":0.32809419964705877},{"q":"Apa fungsi dari menu Setting Nota Slip?","composite":0.32680712476335877}]}
[2026-03-04T11:01:37.160Z] {"type":"low-composite","kategori":"BARANG","question":"hallo","topCandidates":[{"q":"Bagaimana cara upload gambar barang?","composite":0.359749257009901},{"q":"Barang saya ada yang hilang, bagaimana solusinya?","composite":0.3524404696296296},{"q":"Apa arti dari kolom Selisih di Laporan Timbang Baki?","composite":0.3472306677108433}]}
[2026-03-04T11:02:12.978Z] {"type":"low-composite","kategori":"BARANG","question":"hallo","topCandidates":[{"q":"Bagaimana cara upload gambar barang?","composite":0.359749257009901},{"q":"Barang saya ada yang hilang, bagaimana solusinya?","composite":0.3524404696296296},{"q":"Apa arti dari kolom Selisih di Laporan Timbang Baki?","composite":0.3472306677108433}]}
[2026-03-04T11:03:07.363Z] {"type":"fuzzy-nearmiss","kategori":"BARANG","question":"hi","bestRating":0.3076923076923077,"candidateQuestion":"Selisih stock barang"}
[2026-03-04T11:03:07.927Z] {"type":"low-composite","kategori":"BARANG","question":"hi","topCandidates":[{"q":"Barang saya ada yang hilang, bagaimana solusinya?","composite":0.3790360109090909},{"q":"Bagaimana cara upload gambar barang?","composite":0.3724127071428572},{"q":"Bagaimana cara memindahkan barang di menu Pindah Barang Satu Baki?","composite":0.36551236418579236}]}
[2026-03-04T11:03:21.545Z] {"type":"low-composite","kategori":"BARANG","question":"hallo","topCandidates":[{"q":"Bagaimana cara upload gambar barang?","composite":0.359749257009901},{"q":"Barang saya ada yang hilang, bagaimana solusinya?","composite":0.3524404696296296},{"q":"Apa arti dari kolom Selisih di Laporan Timbang Baki?","composite":0.3472306677108433}]}
[2026-03-09T07:25:36.897Z] {"type":"low-composite","kategori":"BARANG","question":"hallo","topCandidates":[{"q":"Bagaimana cara upload gambar barang?","composite":0.359749257009901},{"q":"Barang saya ada yang hilang, bagaimana solusinya?","composite":0.3524404696296296},{"q":"Apa arti dari kolom Selisih di Laporan Timbang Baki?","composite":0.3472306677108433}]}
[2026-03-09T07:33:46.482Z] {"type":"low-composite","kategori":"BARANG","question":"hallo","topCandidates":[{"q":"Bagaimana cara upload gambar barang?","composite":0.359749257009901},{"q":"Barang saya ada yang hilang, bagaimana solusinya?","composite":0.3524404696296296},{"q":"Apa arti dari kolom Selisih di Laporan Timbang Baki?","composite":0.3472306677108433}]}
[2026-03-09T07:34:30.152Z] {"type":"low-composite","kategori":"BARANG","question":"hallo","topCandidates":[{"q":"Bagaimana cara upload gambar barang?","composite":0.359749257009901},{"q":"Barang saya ada yang hilang, bagaimana solusinya?","composite":0.3524404696296296},{"q":"Apa arti dari kolom Selisih di Laporan Timbang Baki?","composite":0.3472306677108433}]}
[2026-03-09T07:35:26.004Z] {"type":"low-composite","kategori":"BARANG","question":"hallo","topCandidates":[{"q":"Bagaimana cara upload gambar barang?","composite":0.359749257009901},{"q":"Barang saya ada yang hilang, bagaimana solusinya?","composite":0.3524404696296296},{"q":"Apa arti dari kolom Selisih di Laporan Timbang Baki?","composite":0.3472306677108433}]}
[2026-03-09T07:36:05.817Z] {"type":"fuzzy-nearmiss","kategori":"BARANG","question":"presiden","bestRating":0.30985915492957744,"candidateQuestion":"Selisih stock barang"}
[2026-03-09T07:36:06.052Z] {"type":"low-composite","kategori":"BARANG","question":"presiden","topCandidates":[{"q":"Bagaimana cara menginputkan Timbang Baki?","composite":0.341739014146789},{"q":"Barang saya ada yang hilang, bagaimana solusinya?","composite":0.3319351711594203},{"q":"Apa arti keterangan “Printed By Helpdesk / 2023-06-14” di Laporan Pindah Barang?","composite":0.3139101035146444}]}
[2026-03-09T07:38:01.026Z] {"type":"fuzzy-nearmiss","kategori":"BARANG","question":"hi","bestRating":0.3076923076923077,"candidateQuestion":"Selisih stock barang"}
[2026-03-09T07:38:01.340Z] {"type":"low-composite","kategori":"BARANG","question":"hi","topCandidates":[{"q":"Barang saya ada yang hilang, bagaimana solusinya?","composite":0.3790360109090909},{"q":"Bagaimana cara upload gambar barang?","composite":0.3724127071428572},{"q":"Bagaimana cara memindahkan barang di menu Pindah Barang Satu Baki?","composite":0.36551236418579236}]}
[2026-03-09T07:40:47.239Z] {"type":"low-composite","kategori":"BARANG","question":"hallo","topCandidates":[{"q":"Bagaimana cara upload gambar barang?","composite":0.359749257009901},{"q":"Barang saya ada yang hilang, bagaimana solusinya?","composite":0.3524404696296296},{"q":"Apa arti dari kolom Selisih di Laporan Timbang Baki?","composite":0.3472306677108433}]}
[2026-03-09T07:41:19.089Z] {"type":"low-composite","kategori":"BARANG","question":"hallo","topCandidates":[{"q":"Bagaimana cara upload gambar barang?","composite":0.359749257009901},{"q":"Barang saya ada yang hilang, bagaimana solusinya?","composite":0.3524404696296296},{"q":"Apa arti dari kolom Selisih di Laporan Timbang Baki?","composite":0.3472306677108433}]}
[2026-03-09T07:41:43.211Z] {"type":"low-composite","kategori":"BARANG","question":"hallo","topCandidates":[{"q":"Bagaimana cara upload gambar barang?","composite":0.359749257009901},{"q":"Barang saya ada yang hilang, bagaimana solusinya?","composite":0.3524404696296296},{"q":"Apa arti dari kolom Selisih di Laporan Timbang Baki?","composite":0.3472306677108433}]}
[2026-03-09T07:45:35.897Z] {"type":"low-composite","kategori":"BARANG","question":"hallo","topCandidates":[{"q":"Bagaimana cara upload gambar barang?","composite":0.359749257009901},{"q":"Barang saya ada yang hilang, bagaimana solusinya?","composite":0.3524404696296296},{"q":"Apa arti dari kolom Selisih di Laporan Timbang Baki?","composite":0.3472306677108433}]}
[2026-03-09T07:49:39.322Z] {"type":"low-composite","kategori":"BARANG","question":"hallo","topCandidates":[{"q":"Bagaimana cara upload gambar barang?","composite":0.359749257009901},{"q":"Barang saya ada yang hilang, bagaimana solusinya?","composite":0.3524404696296296},{"q":"Apa arti dari kolom Selisih di Laporan Timbang Baki?","composite":0.3472306677108433}]}
[2026-03-09T07:53:34.227Z] {"type":"low-composite","kategori":"BARANG","question":"hallo","topCandidates":[{"q":"Bagaimana cara upload gambar barang?","composite":0.359749257009901},{"q":"Barang saya ada yang hilang, bagaimana solusinya?","composite":0.3524404696296296},{"q":"Apa arti dari kolom Selisih di Laporan Timbang Baki?","composite":0.3472306677108433}]}
[2026-03-09T07:54:55.474Z] {"type":"fuzzy-nearmiss","kategori":"BARANG","question":"hi","bestRating":0.3076923076923077,"candidateQuestion":"Selisih stock barang"}
[2026-03-09T07:54:55.719Z] {"type":"low-composite","kategori":"BARANG","question":"hi","topCandidates":[{"q":"Barang saya ada yang hilang, bagaimana solusinya?","composite":0.3790360109090909},{"q":"Bagaimana cara upload gambar barang?","composite":0.3724127071428572},{"q":"Bagaimana cara memindahkan barang di menu Pindah Barang Satu Baki?","composite":0.36551236418579236}]}
[2026-03-09T07:58:53.356Z] {"type":"low-composite","kategori":"BARANG","question":"hallo","topCandidates":[{"q":"Bagaimana cara upload gambar barang?","composite":0.359749257009901},{"q":"Barang saya ada yang hilang, bagaimana solusinya?","composite":0.3524404696296296},{"q":"Apa arti dari kolom Selisih di Laporan Timbang Baki?","composite":0.3472306677108433}]}
[2026-03-09T07:59:43.378Z] {"type":"low-composite","kategori":"BARANG","question":"jadi","topCandidates":[{"q":"Apakah ketika menghancur barang ada otorisasi?","composite":0.3709662833333333},{"q":"Tombol apa saja tersedia di Laporan Barang Acc?","composite":0.3648348689090909},{"q":"Tombol apa saja tersedia di Laporan Barang Detail?","composite":0.3637887916986301}]}
[2026-03-09T08:03:54.819Z] {"type":"low-composite","kategori":"BARANG","question":"hallo","topCandidates":[{"q":"Bagaimana cara upload gambar barang?","composite":0.359749257009901},{"q":"Barang saya ada yang hilang, bagaimana solusinya?","composite":0.3524404696296296},{"q":"Apa arti dari kolom Selisih di Laporan Timbang Baki?","composite":0.3472306677108433}]}
[2026-03-09T08:04:30.797Z] {"type":"low-composite","kategori":"EOD","question":"hi","topCandidates":[{"q":"Apa isi dari Laporan EOD (End Of Day)?","composite":0.3366383874838709},{"q":"Apa itu Laporan EOD (End of Day)?","composite":0.32622762569014085},{"q":"Informasi apa saja yang ditampilkan pada Laporan EOD saat di export ke PDF?","composite":0.31269605582329313}]}
[2026-03-09T08:08:51.982Z] {"type":"low-composite","kategori":"BARANG","question":"hallo","topCandidates":[{"q":"Bagaimana cara upload gambar barang?","composite":0.359749257009901},{"q":"Barang saya ada yang hilang, bagaimana solusinya?","composite":0.3524404696296296},{"q":"Apa arti dari kolom Selisih di Laporan Timbang Baki?","composite":0.3472306677108433}]}
[2026-03-09T08:09:24.182Z] {"type":"low-composite","kategori":"BARANG","question":"jadi","topCandidates":[{"q":"Apakah ketika menghancur barang ada otorisasi?","composite":0.3709662833333333},{"q":"Tombol apa saja tersedia di Laporan Barang Acc?","composite":0.3648348689090909},{"q":"Tombol apa saja tersedia di Laporan Barang Detail?","composite":0.3637887916986301}]}
[2026-03-09T08:17:30.351Z] {"type":"low-composite","kategori":"BARANG","question":"hallo","topCandidates":[{"q":"Bagaimana cara upload gambar barang?","composite":0.359749257009901},{"q":"Barang saya ada yang hilang, bagaimana solusinya?","composite":0.3524404696296296},{"q":"Apa arti dari kolom Selisih di Laporan Timbang Baki?","composite":0.3472306677108433}]}
[2026-03-09T08:17:57.685Z] {"type":"low-composite","kategori":"BARANG","question":"hallo","topCandidates":[{"q":"Bagaimana cara upload gambar barang?","composite":0.359749257009901},{"q":"Barang saya ada yang hilang, bagaimana solusinya?","composite":0.3524404696296296},{"q":"Apa arti dari kolom Selisih di Laporan Timbang Baki?","composite":0.3472306677108433}]}
[2026-03-09T08:20:22.166Z] {"type":"low-composite","kategori":"BARANG","question":"hallo","topCandidates":[{"q":"Bagaimana cara upload gambar barang?","composite":0.359749257009901},{"q":"Barang saya ada yang hilang, bagaimana solusinya?","composite":0.3524404696296296},{"q":"Apa arti dari kolom Selisih di Laporan Timbang Baki?","composite":0.3472306677108433}]}
[2026-03-09T08:20:45.878Z] {"type":"fuzzy-nearmiss","kategori":"BARANG","question":"hi","bestRating":0.3076923076923077,"candidateQuestion":"Selisih stock barang"}
[2026-03-09T08:20:46.133Z] {"type":"low-composite","kategori":"BARANG","question":"hi","topCandidates":[{"q":"Barang saya ada yang hilang, bagaimana solusinya?","composite":0.3790360109090909},{"q":"Bagaimana cara upload gambar barang?","composite":0.3724127071428572},{"q":"Bagaimana cara memindahkan barang di menu Pindah Barang Satu Baki?","composite":0.36551236418579236}]}
[2026-03-09T08:21:04.754Z] {"type":"low-composite","kategori":"BARANG","question":"jadi","topCandidates":[{"q":"Apakah ketika menghancur barang ada otorisasi?","composite":0.3709662833333333},{"q":"Tombol apa saja tersedia di Laporan Barang Acc?","composite":0.3648348689090909},{"q":"Tombol apa saja tersedia di Laporan Tambah Barang?","composite":0.3637887916986301}]}
[2026-03-09T08:22:46.715Z] {"type":"fuzzy-nearmiss","kategori":"BARANG","question":"hi","bestRating":0.3076923076923077,"candidateQuestion":"Selisih stock barang"}
[2026-03-09T08:22:46.800Z] {"type":"low-composite","kategori":"BARANG","question":"hi","topCandidates":[{"q":"Barang saya ada yang hilang, bagaimana solusinya?","composite":0.3790360109090909},{"q":"Bagaimana cara upload gambar barang?","composite":0.3724127071428572},{"q":"Bagaimana cara memindahkan barang di menu Pindah Barang Satu Baki?","composite":0.36551236418579236}]}
[2026-03-09T08:23:11.834Z] {"type":"low-composite","kategori":"BARANG","question":"hallo","topCandidates":[{"q":"Bagaimana cara upload gambar barang?","composite":0.359749257009901},{"q":"Barang saya ada yang hilang, bagaimana solusinya?","composite":0.3524404696296296},{"q":"Apa arti dari kolom Selisih di Laporan Timbang Baki?","composite":0.3472306677108433}]}
[2026-03-09T08:23:42.817Z] {"type":"low-composite","kategori":"BARANG","question":"jadi","topCandidates":[{"q":"Apakah ketika menghancur barang ada otorisasi?","composite":0.3709662833333333},{"q":"Tombol apa saja tersedia di Laporan Barang Acc?","composite":0.3648348689090909},{"q":"Tombol apa saja tersedia di Laporan Barang Detail?","composite":0.3637887916986301}]}
[2026-03-09T08:23:59.909Z] {"type":"fuzzy-nearmiss","kategori":"BARANG","question":"oh ","bestRating":0.3384615384615385,"candidateQuestion":"Selisih stock barang"}
[2026-03-09T08:24:00.106Z] {"type":"low-composite","kategori":"BARANG","question":"oh ","topCandidates":[{"q":"Apa itu Nama Barang?","composite":0.3656520959493671},{"q":"Apa itu Timbang Baki?","composite":0.36476602},{"q":"Apa itu Kode Barcode?","composite":0.36476602}]}
[2026-03-09T09:17:17.480Z] {"type":"fuzzy-nearmiss","kategori":"BARANG","question":"oh","bestRating":0.3384615384615385,"candidateQuestion":"Selisih stock barang"}
[2026-03-09T09:17:17.766Z] {"type":"low-composite","kategori":"BARANG","question":"oh","topCandidates":[{"q":"Apa itu Nama Barang?","composite":0.3656520959493671},{"q":"Apa itu Kode Barcode?","composite":0.36476602},{"q":"Apa itu Timbang Baki?","composite":0.36476602}]}
[2026-03-09T09:20:04.446Z] {"type":"fuzzy-nearmiss","kategori":"BARANG","question":"oh","bestRating":0.3384615384615385,"candidateQuestion":"Selisih stock barang"}
[2026-03-09T09:20:04.703Z] {"type":"low-composite","kategori":"BARANG","question":"oh","topCandidates":[{"q":"Apa itu Nama Barang?","composite":0.3656520959493671},{"q":"Apa itu Timbang Baki?","composite":0.36476602},{"q":"Apa itu Kode Barcode?","composite":0.36476602}]}
[2026-03-09T09:23:53.777Z] {"type":"low-composite","kategori":"BARANG","question":"hallo","topCandidates":[{"q":"Bagaimana cara upload gambar barang?","composite":0.359749257009901},{"q":"Barang saya ada yang hilang, bagaimana solusinya?","composite":0.3524404696296296},{"q":"Apa arti dari kolom Selisih di Laporan Timbang Baki?","composite":0.3472306677108433}]}
[2026-03-09T09:24:11.620Z] {"type":"fuzzy-nearmiss","kategori":"BARANG","question":"oh","bestRating":0.3384615384615385,"candidateQuestion":"Selisih stock barang"}
[2026-03-09T09:24:11.855Z] {"type":"low-composite","kategori":"BARANG","question":"oh","topCandidates":[{"q":"Apa itu Nama Barang?","composite":0.3656520959493671},{"q":"Apa itu Kode Barcode?","composite":0.36476602},{"q":"Apa itu Timbang Baki?","composite":0.36476602}]}
[2026-03-09T09:26:31.264Z] {"type":"fuzzy-nearmiss","kategori":"BARANG","question":"oh","bestRating":0.3384615384615385,"candidateQuestion":"Selisih stock barang"}
[2026-03-09T09:26:31.369Z] {"type":"low-composite","kategori":"BARANG","question":"oh","topCandidates":[{"q":"Apa itu Nama Barang?","composite":0.3656520959493671},{"q":"Apa itu Kode Barcode?","composite":0.36476602},{"q":"Apa itu Timbang Baki?","composite":0.36476602}]}
[2026-03-09T09:28:16.081Z] {"type":"fuzzy-nearmiss","kategori":"BARANG","question":"oh","bestRating":0.3384615384615385,"candidateQuestion":"Selisih stock barang"}
[2026-03-09T09:28:16.180Z] {"type":"low-composite","kategori":"BARANG","question":"oh","topCandidates":[{"q":"Apa itu Nama Barang?","composite":0.3656520959493671},{"q":"Apa itu Kode Barcode?","composite":0.36476602},{"q":"Apa itu Timbang Baki?","composite":0.36476602}]}
[2026-03-09T09:29:01.164Z] {"type":"low-composite","kategori":"EOD","question":"oke","topCandidates":[{"q":"Apa itu Laporan EOD (End of Day)?","composite":0.3136148950769231},{"q":"Apa isi dari Laporan EOD (End Of Day)?","composite":0.2968804114871795},{"q":"Tombol export apa saja yang tersedia pada Laporan EOD?","composite":0.2857284522011173}]}
[2026-03-09T09:30:15.123Z] {"type":"low-composite","kategori":"KEUANGAN","question":"sip","topCandidates":[{"q":"Bagaimana langkah Ambil Uang Kas?","composite":0.34718339576344087},{"q":"Bagaimana langkah Ambil Uang Bank?","composite":0.34654281008510635},{"q":"Bagaimana langkah Tambah Uang Kas?","composite":0.34654281008510635}]}
[2026-03-09T10:09:13.015Z] {"type":"fuzzy-nearmiss","kategori":"BARANG","question":"oh","bestRating":0.3384615384615385,"candidateQuestion":"Selisih stock barang"}
[2026-03-09T10:09:13.142Z] {"type":"low-composite","kategori":"BARANG","question":"oh","topCandidates":[{"q":"Apa itu Nama Barang?","composite":0.3656520959493671},{"q":"Apa itu Timbang Baki?","composite":0.36476602},{"q":"Apa itu Kode Barcode?","composite":0.36476602}]}
[2026-03-09T10:09:45.473Z] {"type":"fuzzy-nearmiss","kategori":"HARDWARE","question":"caranya gimana","bestRating":0.4,"candidateQuestion":"Kamera error tidak bisa foto barang"}
[2026-03-09T10:09:45.721Z] {"type":"low-composite","kategori":"HARDWARE","question":"caranya gimana","topCandidates":[{"q":"Kamera error tidak bisa foto barang","composite":0.42405967599999994}]}
